------------------------------------------------------------
Timing Analyzer Summary
------------------------------------------------------------

Type  : Slow 1200mV 85C Model Setup 'clk'
Slack : -3.224
TNS   : -26.864

Type  : Slow 1200mV 85C Model Setup 'clk_baud'
Slack : -0.734
TNS   : -2.675

Type  : Slow 1200mV 85C Model Hold 'clk_baud'
Slack : 0.359
TNS   : 0.000

Type  : Slow 1200mV 85C Model Hold 'clk'
Slack : 0.662
TNS   : 0.000

Type  : Slow 1200mV 85C Model Minimum Pulse Width 'clk'
Slack : -3.000
TNS   : -19.357

Type  : Slow 1200mV 85C Model Minimum Pulse Width 'clk_baud'
Slack : -1.487
TNS   : -17.844

Type  : Slow 1200mV 0C Model Setup 'clk'
Slack : -3.011
TNS   : -24.141

Type  : Slow 1200mV 0C Model Setup 'clk_baud'
Slack : -0.591
TNS   : -1.867

Type  : Slow 1200mV 0C Model Hold 'clk_baud'
Slack : 0.322
TNS   : 0.000

Type  : Slow 1200mV 0C Model Hold 'clk'
Slack : 0.600
TNS   : 0.000

Type  : Slow 1200mV 0C Model Minimum Pulse Width 'clk'
Slack : -3.000
TNS   : -19.357

Type  : Slow 1200mV 0C Model Minimum Pulse Width 'clk_baud'
Slack : -1.487
TNS   : -17.844

Type  : Fast 1200mV 0C Model Setup 'clk'
Slack : -0.573
TNS   : -3.383

Type  : Fast 1200mV 0C Model Setup 'clk_baud'
Slack : 0.290
TNS   : 0.000

Type  : Fast 1200mV 0C Model Hold 'clk_baud'
Slack : 0.150
TNS   : 0.000

Type  : Fast 1200mV 0C Model Hold 'clk'
Slack : 0.195
TNS   : 0.000

Type  : Fast 1200mV 0C Model Minimum Pulse Width 'clk'
Slack : -3.000
TNS   : -14.340

Type  : Fast 1200mV 0C Model Minimum Pulse Width 'clk_baud'
Slack : -1.000
TNS   : -12.000

------------------------------------------------------------
