------------------------------------------------------------
Timing Analyzer Summary
------------------------------------------------------------

Type  : Slow 1200mV 85C Model Setup 'clk'
Slack : -3.925
TNS   : -77.683

Type  : Slow 1200mV 85C Model Setup 'clk1'
Slack : -0.777
TNS   : -5.520

Type  : Slow 1200mV 85C Model Hold 'clk1'
Slack : 0.360
TNS   : 0.000

Type  : Slow 1200mV 85C Model Hold 'clk'
Slack : 0.719
TNS   : 0.000

Type  : Slow 1200mV 85C Model Minimum Pulse Width 'clk'
Slack : -3.000
TNS   : -38.688

Type  : Slow 1200mV 85C Model Minimum Pulse Width 'clk1'
Slack : -1.487
TNS   : -22.305

Type  : Slow 1200mV 0C Model Setup 'clk'
Slack : -3.736
TNS   : -73.499

Type  : Slow 1200mV 0C Model Setup 'clk1'
Slack : -0.628
TNS   : -3.965

Type  : Slow 1200mV 0C Model Hold 'clk1'
Slack : 0.323
TNS   : 0.000

Type  : Slow 1200mV 0C Model Hold 'clk'
Slack : 0.679
TNS   : 0.000

Type  : Slow 1200mV 0C Model Minimum Pulse Width 'clk'
Slack : -3.000
TNS   : -38.688

Type  : Slow 1200mV 0C Model Minimum Pulse Width 'clk1'
Slack : -1.487
TNS   : -22.305

Type  : Fast 1200mV 0C Model Setup 'clk'
Slack : -0.993
TNS   : -15.761

Type  : Fast 1200mV 0C Model Setup 'clk1'
Slack : 0.270
TNS   : 0.000

Type  : Fast 1200mV 0C Model Hold 'clk1'
Slack : 0.151
TNS   : 0.000

Type  : Fast 1200mV 0C Model Hold 'clk'
Slack : 0.247
TNS   : 0.000

Type  : Fast 1200mV 0C Model Minimum Pulse Width 'clk'
Slack : -3.000
TNS   : -31.056

Type  : Fast 1200mV 0C Model Minimum Pulse Width 'clk1'
Slack : -1.000
TNS   : -15.000

------------------------------------------------------------
